// Jest Snapshot v1, https://goo.gl/fbAQLP

exports[`Dashboard should mathch Dashboard Component 1`] = `
<div
  className="container-fluid"
>
  <h1
    className="jumbotron"
  >
    Contributors List
  </h1>
  <form
    className="d-flex justify-content-center"
    data-testid="form"
  >
    <input
      onChange={[Function]}
      placeholder="Repository name"
    />
    <button
      className="btn btn-info"
      data-testid="button"
      onClick={[Function]}
      type="submit"
    >
      View contributors!
    </button>
  </form>
  <p
    className="text-center m-5"
  >
    Please enter a repository name owned by SkylabCoders to find it's contributors 
    <span>
      (suggestions: skylab-bootcamp-202007)
    </span>
  </p>
</div>
`;
