// Jest Snapshot v1, https://goo.gl/fbAQLP

exports[`Dashboard should mathch Dashboard Component 1`] = `
<div
  className="mainContainer"
>
  <h1>
    Contributors List
  </h1>
  <form
    data-testid="form"
  >
    <input
      onChange={[Function]}
      placeholder="Repository name"
    />
    <button
      data-testid="button"
      onClick={[Function]}
      type="submit"
    >
      View contributors!
    </button>
  </form>
  <p>
    Please enter a repository name owned by SkylabCoders to find it's contributors 
    <span>
      (suggestions: skylab-bootcamp-202007)
    </span>
  </p>
</div>
`;
