// Jest Snapshot v1, https://goo.gl/fbAQLP

exports[`TableList should match 1`] = `
Array [
  <p
    className="text-center m-5"
  >
    Please enter a repository name and his owner name to find it's contributors
     
  </p>,
  <p
    className="text-center m-5"
  >
    <span>
      Suggestions: skylab-bootcamp-202007 repository owned by SkylabCoders
    </span>
  </p>,
]
`;

exports[`TableList should match 2`] = `
Array [
  <p
    className="text-center mt-4"
  >
    This repository has 
    2
     contributor/s!
  </p>,
  <ul
    className="card-deck flex-wrap cards__container"
  >
    <li
      className="profile-card"
    >
      <img
        alt={24}
        data-testid="avatar_url"
        src="undefined"
      />
      <p
        className="text-uppercase text-monospace font-weight-bold"
        data-testid="user__login"
      >
        pepe
      </p>
      <p
        data-testid="contributions"
      >
        Number of contributions: 
      </p>
      <a
        className="btn btn-dark"
        data-testid="html_url"
      >
         
        Link to profile
      </a>
    </li>
    <li
      className="profile-card"
    >
      <img
        alt={2}
        data-testid="avatar_url"
        src="undefined"
      />
      <p
        className="text-uppercase text-monospace font-weight-bold"
        data-testid="user__login"
      >
        lola
      </p>
      <p
        data-testid="contributions"
      >
        Number of contributions: 
      </p>
      <a
        className="btn btn-dark"
        data-testid="html_url"
      >
         
        Link to profile
      </a>
    </li>
  </ul>,
]
`;
