// Jest Snapshot v1, https://goo.gl/fbAQLP

exports[`TableList should match 1`] = `
<p>
  Please enter a repository name owned by SkylabCoders to find it's contributors 
  <span>
    (suggestions: skylab-bootcamp-202007)
  </span>
</p>
`;

exports[`TableList should match 2`] = `
<ul>
  <li
    data-testid="user__login"
  >
    pepe
  </li>
  <li
    data-testid="user__login"
  >
    lola
  </li>
</ul>
`;
